// Jest Snapshot v1, https://goo.gl/fbAQLP

exports[`landing page component should render correctly 1`] = `undefined`;
